#-----------------------------------------------------------
# Vivado v2025.1 (64-bit)
# SW Build 6140274 on Thu May 22 00:12:29 MDT 2025
# IP Build 6138677 on Thu May 22 03:10:11 MDT 2025
# SharedData Build 6139179 on Tue May 20 17:58:58 MDT 2025
# Start of session at: Tue Sep  9 19:08:42 2025
# Process ID         : 28228
# Current directory  : C:/Users/hridd/32bit_ALU/32bit_ALU.runs/synth_1
# Command line       : vivado.exe -log alu_32bit.vds -product Vivado -mode batch -messageDb vivado.pb -notrace -source alu_32bit.tcl
# Log file           : C:/Users/hridd/32bit_ALU/32bit_ALU.runs/synth_1/alu_32bit.vds
# Journal file       : C:/Users/hridd/32bit_ALU/32bit_ALU.runs/synth_1\vivado.jou
# Running On         : LENOVO
# Platform           : Windows Server 2016 or Windows 10
# Operating System   : 26100
# Processor Detail   : 13th Gen Intel(R) Core(TM) i5-13500H
# CPU Frequency      : 3187 MHz
# CPU Physical cores : 12
# CPU Logical cores  : 16
# Host memory        : 16908 MB
# Swap memory        : 11391 MB
# Total Virtual      : 28299 MB
# Available Virtual  : 7417 MB
#-----------------------------------------------------------
source alu_32bit.tcl -notrace
